../Core/Src/main.c:95:6:HAL_ADC_ConvHalfCpltCallback	16	static
../Core/Src/main.c:102:6:HAL_ADC_ConvCpltCallback	16	static
../Core/Src/main.c:109:6:HAL_TIM_IC_CaptureCallback	16	static
../Core/Src/main.c:123:6:HAL_TIM_PeriodElapsedCallback	16	static
../Core/Src/main.c:144:5:main	8	static
../Core/Src/main.c:210:6:SystemClock_Config	88	static
../Core/Src/main.c:258:13:MX_ADC1_Init	24	static
../Core/Src/main.c:310:13:MX_TIM1_Init	48	static
../Core/Src/main.c:373:13:MX_USART2_UART_Init	8	static
../Core/Src/main.c:406:13:MX_USART3_UART_Init	8	static
../Core/Src/main.c:437:13:MX_DMA_Init	16	static
../Core/Src/main.c:459:13:MX_GPIO_Init	48	static
../Core/Src/main.c:505:6:Error_Handler	4	static,ignoring_inline_asm
