../Core/Src/main.c:114:6:HAL_ADC_ConvCpltCallback	16	static
../Core/Src/main.c:127:6:HAL_TIM_IC_CaptureCallback	16	static
../Core/Src/main.c:149:5:main	216	static
../Core/Src/main.c:324:6:SystemClock_Config	88	static
../Core/Src/main.c:372:13:MX_ADC1_Init	24	static
../Core/Src/main.c:424:13:MX_TIM1_Init	112	static
../Core/Src/main.c:512:13:MX_USART2_UART_Init	8	static
../Core/Src/main.c:545:13:MX_USART3_UART_Init	8	static
../Core/Src/main.c:576:13:MX_DMA_Init	16	static
../Core/Src/main.c:601:13:MX_GPIO_Init	48	static
../Core/Src/main.c:647:6:Error_Handler	4	static,ignoring_inline_asm
